C51 COMPILER V9.00   MAIN                                                                  05/01/2019 19:18:46 PAGE 1   


C51 COMPILER V9.00, COMPILATION OF MODULE MAIN
OBJECT MODULE PLACED IN main.OBJ
COMPILER INVOKED BY: D:\KEILC 4\C51\BIN\C51.EXE main.c BROWSE DEBUG OBJECTEXTEND CODE

line level    source

   1          #include "reg51.h"
   2          
   3          sbit LED1=0x80;
   4          sbit LED2=0x83;
   5          sbit LED3=0x81;
   6          unsigned int j;
   7          int main()
   8          {
   9   1          void delay(unsigned int);
  10   1      
  11   1          for(j = 0; j < 3; j++)
  12   1          {
  13   2              LED1=0;
  14   2              LED2=1;
  15   2              delay(100000);
  16   2              LED1=1;
  17   2              LED2=0;
  18   2              delay(100000);
  19   2          }
  20   1          LED2=1;
  21   1      
  22   1          EA=1;
  23   1          TMOD=0x11;
  24   1          PT1=1;
  25   1      
  26   1          ET0=1;
  27   1          TH0=(65536-5000)/256;
  28   1          TL0=(65536-5000)%256;
  29   1          TR0=1;
  30   1          
  31   1          ET1=1;
  32   1          TH1=(65536-20000)/256;
  33   1          TL1=(65536-20000)%256;
  34   1          TR1=1;
  35   1      
  36   1          while(1)
  37   1          {
  38   2              LED3=0;
  39   2              delay(5000);
  40   2              LED3=1;
  41   2              delay(5000);
  42   2          };
  43   1      }
  44          
  45          void T0_int(void) interrupt 1
  46          {
  47   1          TR0=0;
  48   1          TH0=(65536-5000)/256;
  49   1          TL0=(65536-5000)%256;
  50   1          LED1 = 0;
  51   1          delay(1000);
  52   1          LED1 = 1; 
  53   1          delay(1000);
  54   1          TR0=1;
  55   1      }
C51 COMPILER V9.00   MAIN                                                                  05/01/2019 19:18:46 PAGE 2   

  56          
  57          void T1_int(void) interrupt 3
  58          {
  59   1          TR1=0;
  60   1          TH1=(65536-20000)/256;
  61   1          TL1=(65536-20000)%256;
  62   1          LED2 = 0;
  63   1          delay(4000);
  64   1          LED2 = 1; 
  65   1          delay(4000);
  66   1          TR1=1;
  67   1      }
  68          void delay(unsigned int t)
  69          {
  70   1          unsigned int i;
  71   1          for(i=0; i < t; i++);
  72   1      }
C51 COMPILER V9.00   MAIN                                                                  05/01/2019 19:18:46 PAGE 3   

ASSEMBLY LISTING OF GENERATED OBJECT CODE


             ; FUNCTION main (BEGIN)
                                           ; SOURCE LINE # 7
                                           ; SOURCE LINE # 8
                                           ; SOURCE LINE # 11
0000 E4                CLR     A
0001 F500        R     MOV     j,A
0003 F500        R     MOV     j+01H,A
0005         ?C0001:
                                           ; SOURCE LINE # 12
                                           ; SOURCE LINE # 13
0005 C280              CLR     LED1
                                           ; SOURCE LINE # 14
0007 D283              SETB    LED2
                                           ; SOURCE LINE # 15
0009 7FA0              MOV     R7,#0A0H
000B 7E86              MOV     R6,#086H
000D 120000      R     LCALL   _delay
                                           ; SOURCE LINE # 16
0010 D280              SETB    LED1
                                           ; SOURCE LINE # 17
0012 C283              CLR     LED2
                                           ; SOURCE LINE # 18
0014 7FA0              MOV     R7,#0A0H
0016 7E86              MOV     R6,#086H
0018 120000      R     LCALL   _delay
                                           ; SOURCE LINE # 19
001B 0500        R     INC     j+01H
001D E500        R     MOV     A,j+01H
001F 7002              JNZ     ?C0013
0021 0500        R     INC     j
0023         ?C0013:
0023 C3                CLR     C
0024 9403              SUBB    A,#03H
0026 E500        R     MOV     A,j
0028 9400              SUBB    A,#00H
002A 40D9              JC      ?C0001
002C         ?C0002:
                                           ; SOURCE LINE # 20
002C D283              SETB    LED2
                                           ; SOURCE LINE # 22
002E D2AF              SETB    EA
                                           ; SOURCE LINE # 23
0030 758911            MOV     TMOD,#011H
                                           ; SOURCE LINE # 24
0033 D2BB              SETB    PT1
                                           ; SOURCE LINE # 26
0035 D2A9              SETB    ET0
                                           ; SOURCE LINE # 27
0037 758CEC            MOV     TH0,#0ECH
                                           ; SOURCE LINE # 28
003A 758A78            MOV     TL0,#078H
                                           ; SOURCE LINE # 29
003D D28C              SETB    TR0
                                           ; SOURCE LINE # 31
003F D2AB              SETB    ET1
                                           ; SOURCE LINE # 32
0041 758DB1            MOV     TH1,#0B1H
                                           ; SOURCE LINE # 33
0044 758BE0            MOV     TL1,#0E0H
C51 COMPILER V9.00   MAIN                                                                  05/01/2019 19:18:46 PAGE 4   

                                           ; SOURCE LINE # 34
0047 D28E              SETB    TR1
0049         ?C0004:
                                           ; SOURCE LINE # 36
                                           ; SOURCE LINE # 37
                                           ; SOURCE LINE # 38
0049 C281              CLR     LED3
                                           ; SOURCE LINE # 39
004B 7F88              MOV     R7,#088H
004D 7E13              MOV     R6,#013H
004F 120000      R     LCALL   _delay
                                           ; SOURCE LINE # 40
0052 D281              SETB    LED3
                                           ; SOURCE LINE # 41
0054 7F88              MOV     R7,#088H
0056 7E13              MOV     R6,#013H
0058 120000      R     LCALL   _delay
                                           ; SOURCE LINE # 42
005B 80EC              SJMP    ?C0004
             ; FUNCTION main (END)

             ; FUNCTION T0_int (BEGIN)
0000 C0E0              PUSH    ACC
0002 C0F0              PUSH    B
0004 C083              PUSH    DPH
0006 C082              PUSH    DPL
0008 C0D0              PUSH    PSW
000A 75D000            MOV     PSW,#00H
000D C000              PUSH    AR0
000F C001              PUSH    AR1
0011 C002              PUSH    AR2
0013 C003              PUSH    AR3
0015 C004              PUSH    AR4
0017 C005              PUSH    AR5
0019 C006              PUSH    AR6
001B C007              PUSH    AR7
                                           ; SOURCE LINE # 45
                                           ; SOURCE LINE # 47
001D C28C              CLR     TR0
                                           ; SOURCE LINE # 48
001F 758CEC            MOV     TH0,#0ECH
                                           ; SOURCE LINE # 49
0022 758A78            MOV     TL0,#078H
                                           ; SOURCE LINE # 50
0025 C280              CLR     LED1
                                           ; SOURCE LINE # 51
0027 7FE8              MOV     R7,#0E8H
0029 7E03              MOV     R6,#03H
002B 120000      R     LCALL   _delay
                                           ; SOURCE LINE # 52
002E D280              SETB    LED1
                                           ; SOURCE LINE # 53
0030 7FE8              MOV     R7,#0E8H
0032 7E03              MOV     R6,#03H
0034 120000      R     LCALL   _delay
                                           ; SOURCE LINE # 54
0037 D28C              SETB    TR0
                                           ; SOURCE LINE # 55
0039 D007              POP     AR7
003B D006              POP     AR6
003D D005              POP     AR5
003F D004              POP     AR4
C51 COMPILER V9.00   MAIN                                                                  05/01/2019 19:18:46 PAGE 5   

0041 D003              POP     AR3
0043 D002              POP     AR2
0045 D001              POP     AR1
0047 D000              POP     AR0
0049 D0D0              POP     PSW
004B D082              POP     DPL
004D D083              POP     DPH
004F D0F0              POP     B
0051 D0E0              POP     ACC
0053 32                RETI    
             ; FUNCTION T0_int (END)

             ; FUNCTION T1_int (BEGIN)
0000 C0E0              PUSH    ACC
0002 C0F0              PUSH    B
0004 C083              PUSH    DPH
0006 C082              PUSH    DPL
0008 C0D0              PUSH    PSW
000A 75D000            MOV     PSW,#00H
000D C000              PUSH    AR0
000F C001              PUSH    AR1
0011 C002              PUSH    AR2
0013 C003              PUSH    AR3
0015 C004              PUSH    AR4
0017 C005              PUSH    AR5
0019 C006              PUSH    AR6
001B C007              PUSH    AR7
                                           ; SOURCE LINE # 57
                                           ; SOURCE LINE # 59
001D C28E              CLR     TR1
                                           ; SOURCE LINE # 60
001F 758DB1            MOV     TH1,#0B1H
                                           ; SOURCE LINE # 61
0022 758BE0            MOV     TL1,#0E0H
                                           ; SOURCE LINE # 62
0025 C283              CLR     LED2
                                           ; SOURCE LINE # 63
0027 7FA0              MOV     R7,#0A0H
0029 7E0F              MOV     R6,#0FH
002B 120000      R     LCALL   _delay
                                           ; SOURCE LINE # 64
002E D283              SETB    LED2
                                           ; SOURCE LINE # 65
0030 7FA0              MOV     R7,#0A0H
0032 7E0F              MOV     R6,#0FH
0034 120000      R     LCALL   _delay
                                           ; SOURCE LINE # 66
0037 D28E              SETB    TR1
                                           ; SOURCE LINE # 67
0039 D007              POP     AR7
003B D006              POP     AR6
003D D005              POP     AR5
003F D004              POP     AR4
0041 D003              POP     AR3
0043 D002              POP     AR2
0045 D001              POP     AR1
0047 D000              POP     AR0
0049 D0D0              POP     PSW
004B D082              POP     DPL
004D D083              POP     DPH
004F D0F0              POP     B
0051 D0E0              POP     ACC
C51 COMPILER V9.00   MAIN                                                                  05/01/2019 19:18:46 PAGE 6   

0053 32                RETI    
             ; FUNCTION T1_int (END)

             ; FUNCTION _delay (BEGIN)
                                           ; SOURCE LINE # 68
;---- Variable 't' assigned to Register 'R6/R7' ----
                                           ; SOURCE LINE # 69
                                           ; SOURCE LINE # 71
;---- Variable 'i' assigned to Register 'R4/R5' ----
0000 E4                CLR     A
0001 FD                MOV     R5,A
0002 FC                MOV     R4,A
0003         ?C0009:
0003 C3                CLR     C
0004 ED                MOV     A,R5
0005 9F                SUBB    A,R7
0006 EC                MOV     A,R4
0007 9E                SUBB    A,R6
0008 5007              JNC     ?C0012
000A 0D                INC     R5
000B BD0001            CJNE    R5,#00H,?C0014
000E 0C                INC     R4
000F         ?C0014:
000F 80F2              SJMP    ?C0009
                                           ; SOURCE LINE # 72
0011         ?C0012:
0011 22                RET     
             ; FUNCTION _delay (END)



MODULE INFORMATION:   STATIC OVERLAYABLE
   CODE SIZE        =    279    ----
   CONSTANT SIZE    =   ----    ----
   XDATA SIZE       =   ----    ----
   PDATA SIZE       =   ----    ----
   DATA SIZE        =      2    ----
   IDATA SIZE       =   ----    ----
   BIT SIZE         =   ----    ----
END OF MODULE INFORMATION.


C51 COMPILATION COMPLETE.  0 WARNING(S),  0 ERROR(S)
