C51 COMPILER V9.00   555                                                                   04/02/2019 10:06:16 PAGE 1   


C51 COMPILER V9.00, COMPILATION OF MODULE 555
OBJECT MODULE PLACED IN 555.OBJ
COMPILER INVOKED BY: D:\KEILC 4\C51\BIN\C51.EXE 555.c BROWSE DEBUG OBJECTEXTEND CODE

line level    source

   1          #include "reg51.h"
   2          
   3          void delay(unsigned int s);
   4          int s=0;
   5          sbit P27=P2^7;
   6          sbit P32=P3^2;
   7          unsigned char    DIST;
   8          unsigned char    DIST_BUF;
   9          //unsigned char  count;
  10          void main()
  11          {
  12   1           EA=1;
  13   1               ET1=1;
  14   1               TMOD=0x01;
  15   1               TH0=(65536-5000)/256;
  16   1               TL0=(65536-5000)%256;
  17   1               TR0=1;
  18   1      
  19   1      while(1)
  20   1       {
  21   2            DIST = 0x00; //REST DIST
  22   2                P27 = 1; //Trig for ULTRASONIC
  23   2                delay(1); // 12 us
  24   2                P27 = 0; // Trig for ULTRASONIC
  25   2      //
  26   2      //
  27   2            while(P32==0) // echo wait
  28   2                delay(45); // 540 us 
  29   2                while(P32 == 1) //echo on
  30   2                {
  31   3                      delay(5); // 5*12us = 60us approximately 58.8us
  32   3                              DIST = DIST + 1; // distance increase 1cm
  33   3                              if (DIST > 250)
  34   3                              {
  35   4                                     DIST = 250;
  36   4      
  37   4                              }
  38   3                }
  39   2       }
  40   1      
  41   1                DIST_BUF = DIST; // echo off
  42   1      }
  43          //
  44          void T1_int(void)  interrupt 1
  45          {
  46   1         TH1=(65536-5000)/256;
  47   1         TL1=(65536-5000)%256;
  48   1         if(++s==200)
  49   1         {
  50   2         s=0;
  51   2         }
  52   1      }
  53          
  54          void delay(unsigned int s)
  55          {
C51 COMPILER V9.00   555                                                                   04/02/2019 10:06:16 PAGE 2   

  56   1               unsigned int i;   
  57   1               for(i=0;i<s;i++);      
  58   1      }
C51 COMPILER V9.00   555                                                                   04/02/2019 10:06:16 PAGE 3   

ASSEMBLY LISTING OF GENERATED OBJECT CODE


             ; FUNCTION main (BEGIN)
                                           ; SOURCE LINE # 10
                                           ; SOURCE LINE # 11
                                           ; SOURCE LINE # 12
0000 D2AF              SETB    EA
                                           ; SOURCE LINE # 13
0002 D2AB              SETB    ET1
                                           ; SOURCE LINE # 14
0004 758901            MOV     TMOD,#01H
                                           ; SOURCE LINE # 15
0007 758CEC            MOV     TH0,#0ECH
                                           ; SOURCE LINE # 16
000A 758A78            MOV     TL0,#078H
                                           ; SOURCE LINE # 17
000D D28C              SETB    TR0
000F         ?C0001:
                                           ; SOURCE LINE # 19
                                           ; SOURCE LINE # 20
                                           ; SOURCE LINE # 21
000F E4                CLR     A
0010 F500        R     MOV     DIST,A
                                           ; SOURCE LINE # 22
0012 D2A7              SETB    P27
                                           ; SOURCE LINE # 23
0014 7F01              MOV     R7,#01H
0016 FE                MOV     R6,A
0017 120000      R     LCALL   _delay
                                           ; SOURCE LINE # 24
001A C2A7              CLR     P27
001C         ?C0003:
                                           ; SOURCE LINE # 27
001C 20B209            JB      P32,?C0005
                                           ; SOURCE LINE # 28
001F 7F2D              MOV     R7,#02DH
0021 7E00              MOV     R6,#00H
0023 120000      R     LCALL   _delay
0026 80F4              SJMP    ?C0003
0028         ?C0005:
                                           ; SOURCE LINE # 29
0028 30B2E4            JNB     P32,?C0001
                                           ; SOURCE LINE # 30
                                           ; SOURCE LINE # 31
002B 7F05              MOV     R7,#05H
002D 7E00              MOV     R6,#00H
002F 120000      R     LCALL   _delay
                                           ; SOURCE LINE # 32
0032 0500        R     INC     DIST
                                           ; SOURCE LINE # 33
0034 E500        R     MOV     A,DIST
0036 D3                SETB    C
0037 94FA              SUBB    A,#0FAH
0039 40ED              JC      ?C0005
                                           ; SOURCE LINE # 34
                                           ; SOURCE LINE # 35
003B 7500FA      R     MOV     DIST,#0FAH
                                           ; SOURCE LINE # 37
                                           ; SOURCE LINE # 38
003E 80E8              SJMP    ?C0005
             ; FUNCTION main (END)
C51 COMPILER V9.00   555                                                                   04/02/2019 10:06:16 PAGE 4   


             ; FUNCTION T1_int (BEGIN)
0000 C0E0              PUSH    ACC
                                           ; SOURCE LINE # 44
                                           ; SOURCE LINE # 46
0002 758DEC            MOV     TH1,#0ECH
                                           ; SOURCE LINE # 47
0005 758B78            MOV     TL1,#078H
                                           ; SOURCE LINE # 48
0008 0500        R     INC     s+01H
000A E500        R     MOV     A,s+01H
000C 7002              JNZ     ?C0015
000E 0500        R     INC     s
0010         ?C0015:
0010 64C8              XRL     A,#0C8H
0012 4500        R     ORL     A,s
0014 7004              JNZ     ?C0010
                                           ; SOURCE LINE # 49
                                           ; SOURCE LINE # 50
0016 F500        R     MOV     s,A
0018 F500        R     MOV     s+01H,A
                                           ; SOURCE LINE # 51
                                           ; SOURCE LINE # 52
001A         ?C0010:
001A D0E0              POP     ACC
001C 32                RETI    
             ; FUNCTION T1_int (END)

             ; FUNCTION _delay (BEGIN)
                                           ; SOURCE LINE # 54
;---- Variable 's' assigned to Register 'R6/R7' ----
                                           ; SOURCE LINE # 55
                                           ; SOURCE LINE # 57
;---- Variable 'i' assigned to Register 'R4/R5' ----
0000 E4                CLR     A
0001 FD                MOV     R5,A
0002 FC                MOV     R4,A
0003         ?C0011:
0003 C3                CLR     C
0004 ED                MOV     A,R5
0005 9F                SUBB    A,R7
0006 EC                MOV     A,R4
0007 9E                SUBB    A,R6
0008 5007              JNC     ?C0014
000A 0D                INC     R5
000B BD0001            CJNE    R5,#00H,?C0016
000E 0C                INC     R4
000F         ?C0016:
000F 80F2              SJMP    ?C0011
                                           ; SOURCE LINE # 58
0011         ?C0014:
0011 22                RET     
             ; FUNCTION _delay (END)



MODULE INFORMATION:   STATIC OVERLAYABLE
   CODE SIZE        =    111    ----
   CONSTANT SIZE    =   ----    ----
   XDATA SIZE       =   ----    ----
   PDATA SIZE       =   ----    ----
   DATA SIZE        =      4    ----
C51 COMPILER V9.00   555                                                                   04/02/2019 10:06:16 PAGE 5   

   IDATA SIZE       =   ----    ----
   BIT SIZE         =   ----    ----
END OF MODULE INFORMATION.


C51 COMPILATION COMPLETE.  0 WARNING(S),  0 ERROR(S)
