C51 COMPILER V9.00   CCARAUTO                                                              05/13/2019 23:47:48 PAGE 1   


C51 COMPILER V9.00, COMPILATION OF MODULE CCARAUTO
OBJECT MODULE PLACED IN CCARAUTO.OBJ
COMPILER INVOKED BY: D:\KEILC 4\C51\BIN\C51.EXE CCARAUTO.C BROWSE DEBUG OBJECTEXTEND

line level    source

   1          /*******************************************************************************
   2          ;
   3          ; CARAUTO.asm
   4          ;
   5          ; Car with bluetooth and ultrasonic
   6          ;
   7          ; SD90 motor speed 60 degree/0.1s, design 90 degree/(20ms*8) then 93 (+-) 4*8 = 125 (2.016ms) or 61 (0.984
             -ms)
   8          ;
   9          ; HC-SR04 UltraSonic Speed 340m/sec, 5Vdc, 15mA, Work Frequency 40 Hz, Measure Angle 15 degree, Dim. 45x20
             -x15 mm
  10          ; Distance 2cm (0.11765ms) ~ 400cm (23.53ms), t = 1cm*2/(340m/sec) = 58.825 us
  11          ; 1. Trig: 10us TTL Pulse, then HC-SR04 generates 8 pulses (40kHz)
  12          ; 2. Echo: time period, t = 1cm*2/(340m/sec) = 58.825 us
  13          ;
  14          ; Use Interrupt USART_RXC for bluetooth and TIMER0 MODE1 for control arduino-car
  15          ;
  16          ; Created: 2016/12/03
  17          ; Author : Chung-Chuan Hou
  18          ; CLOCK : 11.059 MHz for baud rate 9600
  19          ;
  20          ;******************************************************************************/
  21          
  22          #include"reg51.h"
  23          void delay(unsigned int s);
  24                  sbit P27 = P2^7;
  25                  sbit P32 = P3^2;
  26                  //sbit SMOD= PCON^7;
  27                  unsigned char PSW_BUF; // SAVE PSW in USART INT
  28                  unsigned char SBUF_BUF; // SAVE SBUF for motor control
  29                  unsigned char AUTO; // auto = 0x00 is manual car, auto = 0xff is auto car
  30                  unsigned char DIST; // ULTRASONIC DISTANCE
  31                  unsigned char DIST_BUF; // SAVE DIST
  32          
  33                  unsigned char ATEMP,PSWTEMP,DPLTEMP,DPHTEMP;
  34          
  35          void main()
  36          {
  37   1              while(1)
  38   1              {
  39   2                      SBUF = 'A';
  40   2              }
  41   1      } // Main
  42          
  43          void delay(unsigned int s)
  44          {
  45   1              unsigned int m;
  46   1              for(m=0;m<s;m++);
  47   1      }
  48          
  49          /******************************************************************************
  50          ; INTERRUPT  USART
  51          ;******************************************************************************/
  52          void Serial (void) interrupt 4
  53          {
C51 COMPILER V9.00   CCARAUTO                                                              05/13/2019 23:47:48 PAGE 2   

  54   1              PSW_BUF = PSW; // save PSW
  55   1      
  56   1              if(RI)
  57   1              {
  58   2                      RI = 0; // clear RI Flag
  59   2                      P0 = SBUF; // observe SBUF
  60   2                      SBUF_BUF = SBUF; // save SBUF for motor control
  61   2      
  62   2              // 'E' = #45H
  63   2                      if (SBUF_BUF == 0x45)
  64   2                      {
  65   3                              //AUTO = !AUTO; // error using 20180504 
  66   3                              AUTO = ~AUTO;// auto = 0x00 is manual car, auto = 0xff is auto car
  67   3                              P1 = 0x00; // motor stop
  68   3                      }
  69   2              }
  70   1              else
  71   1              {
  72   2                      TI = 0; // clear RI Flag
  73   2              }
  74   1              
  75   1              PSW = PSW_BUF; // get PSW
  76   1      }
  77          
  78          /******************************************************************************
  79          ; TIMER0_INT 
  80          ;******************************************************************************/
  81          void Timer0(void) interrupt 1
  82          {
  83   1              ATEMP  =ACC;
  84   1              PSWTEMP=PSW;
  85   1              DPLTEMP=DPL;
  86   1              DPHTEMP=DPH;
  87   1              TR0=0; // STOP TIMER
  88   1              TH0  = (65536-20000)/256;
  89   1              TL0  = (65536-20000)%256;
  90   1              TR0=1; // TIMER0 TO BE CONTINUE
  91   1      
  92   1              if (AUTO == 0x00) // auto = 0x00 is manual car, auto = 0xff is auto car
  93   1              {
  94   2                      if (SBUF_BUF == 0x51) // stop, SBUF ='Q' =#51H
  95   2                      {
  96   3                              P1 = 0x00; // motor stop
  97   3                      }
  98   2                      else if (SBUF_BUF == 0x53) // back, SBUF ='S' =#53H
  99   2                      {
 100   3                              P1 = 0x05; // motor back, #00000101B    
 101   3                      }
 102   2                      else if (SBUF_BUF == 0x44) // right, SBUF ='D' =#44H
 103   2                      {
 104   3                              P1 = 0x09; // motor right, #00001001B
 105   3                      }
 106   2                      else if (SBUF_BUF == 0x41) // left, SBUF ='A' =#41H
 107   2                      {
 108   3                              P1 = 0x06; // motor left, #00000110B
 109   3                      }
 110   2                      else if (SBUF_BUF == 0x57) // forward, SBUF ='W' =#57H
 111   2                      {
 112   3                              if (DIST_BUF > 10)
 113   3                              {
 114   4                                      P1 = 0x0A; // motor forward, #00001010B
 115   4                              }
C51 COMPILER V9.00   CCARAUTO                                                              05/13/2019 23:47:48 PAGE 3   

 116   3                              else
 117   3                              {
 118   4                                      P1 = 0x00; // motor stop, short distance
 119   4                              }
 120   3                      }
 121   2                      else
 122   2                      {}
 123   2              }
 124   1      
 125   1      // RETURN:
 126   1              ACC=ATEMP;
 127   1              PSW=PSWTEMP;
 128   1              DPL=DPLTEMP;
 129   1              DPH=DPHTEMP;
 130   1      }
 131          
 132          /*
 133          void main()
 134          void INT0 (void) interrupt 0 using 0 // using bank0
 135          void Timer0 (void) interrupt 1 using 1 // using bank1
 136          void INT1 (void) interrupt 2 using 2 // using bank2
 137          void Timer1 (void) interrupt 3 using 3 // using bank3
 138          void Serial (void) interrupt 4
 139          
 140                  ORG     0000H           ;
 141                  JMP     START           ;
 142          
 143                  ORG     0003H           ;
 144                  JMP     EXTERNAL_INT0   ;EXTERNAL INT0 INTERRUPT
 145          
 146                  ORG     000BH           ;
 147                  JMP     TIMER0_INT      ;INTERNAL TIMER0 INTERRUPT
 148          
 149                  ORG     0013H           ;
 150                  JMP     EXTERNAL_INT1   ;EXTERNAL INT1 INTERRUPT
 151          
 152                  ORG     001BH           ;
 153                  JMP     TIMER1_INT      ;INTERNAL TIMER1 INTERRUPT
 154          
 155                  ORG     0023H           ;
 156                  JMP     SERIAL_TRANS    ;SERIAL TRANSMISSION INTERRUPT
 157          */


MODULE INFORMATION:   STATIC OVERLAYABLE
   CODE SIZE        =    174    ----
   CONSTANT SIZE    =   ----    ----
   XDATA SIZE       =   ----    ----
   PDATA SIZE       =   ----    ----
   DATA SIZE        =      9    ----
   IDATA SIZE       =   ----    ----
   BIT SIZE         =   ----    ----
END OF MODULE INFORMATION.


C51 COMPILATION COMPLETE.  0 WARNING(S),  0 ERROR(S)
